// Jest Snapshot v1, https://goo.gl/fbAQLP

exports[`renders body without crashing 1`] = `
<div>
  <div>
    <div
      className="page"
    >
      <p>
        Aprender a progrmar es más fácil de lo que crees.
      </p>
    </div>
  </div>
</div>
`;
